{
  "version": "1.5.0",
  "plugins_used": [
    {
      "name": "ArtifactoryDetector"
    },
    {
      "name": "AWSKeyDetector"
    },
    {
      "name": "AzureStorageKeyDetector"
    },
    {
      "name": "Base64HighEntropyString",
      "limit": 4.5
    },
    {
      "name": "BasicAuthDetector"
    },
    {
      "name": "CloudantDetector"
    },
    {
      "name": "DiscordBotTokenDetector"
    },
    {
      "name": "GitHubTokenDetector"
    },
    {
      "name": "GitLabTokenDetector"
    },
    {
      "name": "HexHighEntropyString",
      "limit": 3.0
    },
    {
      "name": "IbmCloudIamDetector"
    },
    {
      "name": "IbmCosHmacDetector"
    },
    {
      "name": "IPPublicDetector"
    },
    {
      "name": "JwtTokenDetector"
    },
    {
      "name": "KeywordDetector",
      "keyword_exclude": ""
    },
    {
      "name": "MailchimpDetector"
    },
    {
      "name": "NpmDetector"
    },
    {
      "name": "OpenAIDetector"
    },
    {
      "name": "PrivateKeyDetector"
    },
    {
      "name": "PypiTokenDetector"
    },
    {
      "name": "SendGridDetector"
    },
    {
      "name": "SlackDetector"
    },
    {
      "name": "SoftlayerDetector"
    },
    {
      "name": "SquareOAuthDetector"
    },
    {
      "name": "StripeDetector"
    },
    {
      "name": "TelegramBotTokenDetector"
    },
    {
      "name": "TwilioKeyDetector"
    }
  ],
  "filters_used": [
    {
      "path": "detect_secrets.filters.allowlist.is_line_allowlisted"
    },
    {
      "path": "detect_secrets.filters.common.is_ignored_due_to_verification_policies",
      "min_level": 2
    },
    {
      "path": "detect_secrets.filters.heuristic.is_indirect_reference"
    },
    {
      "path": "detect_secrets.filters.heuristic.is_likely_id_string"
    },
    {
      "path": "detect_secrets.filters.heuristic.is_lock_file"
    },
    {
      "path": "detect_secrets.filters.heuristic.is_not_alphanumeric_string"
    },
    {
      "path": "detect_secrets.filters.heuristic.is_potential_uuid"
    },
    {
      "path": "detect_secrets.filters.heuristic.is_prefixed_with_dollar_sign"
    },
    {
      "path": "detect_secrets.filters.heuristic.is_sequential_string"
    },
    {
      "path": "detect_secrets.filters.heuristic.is_swagger_file"
    },
    {
      "path": "detect_secrets.filters.heuristic.is_templated_secret"
    }
  ],
  "results": {
    "posts/technical/configuring-cloud-discovery.md": [
      {
        "type": "Secret Keyword",
        "filename": "posts/technical/configuring-cloud-discovery.md",
        "hashed_secret": "af51a0308604c9ae574faa942460efd71ff61c0f",
        "is_verified": false,
        "line_number": 153
      }
    ],
    "posts/technical/credential-management-multi-cloud.md": [
      {
        "type": "Secret Keyword",
        "filename": "posts/technical/credential-management-multi-cloud.md",
        "hashed_secret": "665b1e3851eefefa3fb878654292f16597d25155",
        "is_verified": false,
        "line_number": 48
      }
    ],
    "posts/technical/monitoring-ai-agent-fleet.md": [
      {
        "type": "Secret Keyword",
        "filename": "posts/technical/monitoring-ai-agent-fleet.md",
        "hashed_secret": "f42f4c959e9f03d7b96f2c698c74bead2b6ffa33",
        "is_verified": false,
        "line_number": 386
      }
    ],
    "posts/technical/nats-auth-hardening.md": [
      {
        "type": "Base64 High Entropy String",
        "filename": "posts/technical/nats-auth-hardening.md",
        "hashed_secret": "e59581e9fe82948e5c0644d42f4c55bc0b58599e",
        "is_verified": false,
        "line_number": 48
      },
      {
        "type": "Base64 High Entropy String",
        "filename": "posts/technical/nats-auth-hardening.md",
        "hashed_secret": "8941b3dadab23af15fc8b7920c6aafaf61b147f9",
        "is_verified": false,
        "line_number": 62
      },
      {
        "type": "Base64 High Entropy String",
        "filename": "posts/technical/nats-auth-hardening.md",
        "hashed_secret": "d949a608ee7c0a545b8e4edff64c778de9238e7a",
        "is_verified": false,
        "line_number": 75
      }
    ],
    "posts/technical/nats-dead-letter-queue-patterns-cyborgenic.md": [
      {
        "type": "Hex High Entropy String",
        "filename": "posts/technical/nats-dead-letter-queue-patterns-cyborgenic.md",
        "hashed_secret": "b4c9248600a42f8c38c01b632f392dbcb4c7b19a",
        "is_verified": false,
        "line_number": 407
      }
    ]
  },
  "generated_at": "2026-08-24T15:34:56Z"
}
